// Jest Snapshot v1, https://goo.gl/fbAQLP

exports[`Component: Footer should match the snapshot 1`] = `
<footer
  className="page-footer font-small pt-3 pb-1 teal"
  data-test="footer"
>
  <div
    className="container text-center text-md-center"
    data-test="container"
  >
    <div
      className="row"
      data-test="row"
    >
      <div
        className="col-md-3"
        data-test="col"
      >
        <a
          href="/"
        >
          <h5>
            TRADEMEBOOKS
          </h5>
        </a>
      </div>
      <div
        className="col-md-6"
        data-test="col"
      >
        <ul
          class="footer-links"
        >
          <li>
            <a
              href="/about"
            >
              About
            </a>
          </li>
          <li>
            <a
              href="/contact"
            >
              Contact Us
            </a>
          </li>
          <li>
            <a
              href="/add-book"
            >
              Post a Book
            </a>
          </li>
          <li>
            <a
              href="/terms"
            >
              Terms
            </a>
          </li>
          <li>
            <a
              href="/privacy"
            >
              Privacy
            </a>
          </li>
        </ul>
      </div>
      <div
        className="col-md-3"
        data-test="col"
      >
        Â© 
        2021
         
        <a
          href="https://www.chosensolutions.ca"
        >
          Chosen Solutions
        </a>
        .
      </div>
    </div>
  </div>
</footer>
`;
