// Jest Snapshot v1, https://goo.gl/fbAQLP

exports[`Component: SearchBooks should match the snapshot 1`] = `
<div
  className="search-books-container"
>
  <div
    className="m-2 text-center"
    id="search-books-header"
  >
    <p
      className="search-books-header"
    >
      Search over millions of books!
    </p>
  </div>
  <div>
    <div
      aria-expanded={false}
      aria-owns={null}
      className="MuiAutocomplete-root MuiAutocomplete-hasClearIcon MuiAutocomplete-hasPopupIcon"
      onClick={[Function]}
      onKeyDown={[Function]}
      onMouseDown={[Function]}
      role="combobox"
    >
      <div
        className="MuiFormControl-root MuiTextField-root MuiFormControl-fullWidth"
      >
        <label
          className="MuiFormLabel-root MuiInputLabel-root MuiInputLabel-formControl MuiInputLabel-animated MuiInputLabel-outlined"
          data-shrink={false}
          htmlFor="autocomplete-box"
          id="autocomplete-box-label"
        >
          Type in a book name, author name, or isbn number...
        </label>
        <div
          className="MuiInputBase-root MuiOutlinedInput-root MuiAutocomplete-inputRoot MuiInputBase-fullWidth MuiInputBase-formControl MuiInputBase-adornedEnd MuiOutlinedInput-adornedEnd"
          onClick={[Function]}
        >
          <input
            aria-activedescendant={null}
            aria-autocomplete="list"
            aria-controls={null}
            aria-invalid={false}
            autoCapitalize="none"
            autoComplete="off"
            autoFocus={false}
            className="MuiInputBase-input MuiOutlinedInput-input MuiAutocomplete-input MuiAutocomplete-inputFocused MuiInputBase-inputAdornedEnd MuiOutlinedInput-inputAdornedEnd"
            disabled={false}
            id="autocomplete-box"
            onAnimationStart={[Function]}
            onBlur={[Function]}
            onChange={[Function]}
            onFocus={[Function]}
            onMouseDown={[Function]}
            required={false}
            spellCheck="false"
            type="text"
            value=""
          />
          <div
            className="MuiAutocomplete-endAdornment"
          >
            <button
              aria-label="Clear"
              className="MuiButtonBase-root MuiIconButton-root MuiAutocomplete-clearIndicator"
              disabled={false}
              onBlur={[Function]}
              onClick={[Function]}
              onDragLeave={[Function]}
              onFocus={[Function]}
              onKeyDown={[Function]}
              onKeyUp={[Function]}
              onMouseDown={[Function]}
              onMouseLeave={[Function]}
              onMouseUp={[Function]}
              onTouchEnd={[Function]}
              onTouchMove={[Function]}
              onTouchStart={[Function]}
              tabIndex={-1}
              title="Clear"
              type="button"
            >
              <span
                className="MuiIconButton-label"
              >
                <svg
                  aria-hidden={true}
                  className="MuiSvgIcon-root MuiSvgIcon-fontSizeSmall"
                  focusable="false"
                  viewBox="0 0 24 24"
                >
                  <path
                    d="M19 6.41L17.59 5 12 10.59 6.41 5 5 6.41 10.59 12 5 17.59 6.41 19 12 13.41 17.59 19 19 17.59 13.41 12z"
                  />
                </svg>
              </span>
            </button>
            <button
              aria-label="Open"
              className="MuiButtonBase-root MuiIconButton-root MuiAutocomplete-popupIndicator"
              disabled={false}
              onBlur={[Function]}
              onClick={[Function]}
              onDragLeave={[Function]}
              onFocus={[Function]}
              onKeyDown={[Function]}
              onKeyUp={[Function]}
              onMouseDown={[Function]}
              onMouseLeave={[Function]}
              onMouseUp={[Function]}
              onTouchEnd={[Function]}
              onTouchMove={[Function]}
              onTouchStart={[Function]}
              tabIndex={-1}
              title="Open"
              type="button"
            >
              <span
                className="MuiIconButton-label"
              >
                <svg
                  aria-hidden={true}
                  className="MuiSvgIcon-root"
                  focusable="false"
                  viewBox="0 0 24 24"
                >
                  <path
                    d="M7 10l5 5 5-5z"
                  />
                </svg>
              </span>
            </button>
          </div>
          <fieldset
            aria-hidden={true}
            className="PrivateNotchedOutline-root-1 MuiOutlinedInput-notchedOutline"
          >
            <legend
              className="PrivateNotchedOutline-legendLabelled-3"
            >
              <span>
                Type in a book name, author name, or isbn number...
              </span>
            </legend>
          </fieldset>
        </div>
      </div>
    </div>
  </div>
</div>
`;
