// Jest Snapshot v1, https://goo.gl/fbAQLP

exports[`Component: PublicBookstore should match the snapshot 1`] = `
Array [
  <div
    className="mt-4"
  >
    <div
      className="container"
      data-test="container"
    >
      <div
        className="row"
        data-test="row"
      >
        <div
          className="col-sm-12"
          data-test="col"
        >
          <h3>
            Welcome to
             
            <span
              className="font-weight-bold"
            >
              johnny123
            </span>
            's Bookstore
          </h3>
        </div>
      </div>
    </div>
    <div
      className="container"
      data-test="container"
    >
      <div
        className="row"
        data-test="row"
      >
        
        
      </div>
    </div>
  </div>,
  <div
    className="mt-4"
  >
    <div
      className="container"
      data-test="container"
    >
      <div
        className="row justify-content-center"
        data-test="row"
      >
        <div
          className="col-sm-12"
          data-test="col"
        >
          <div>
            There are no books in this bookstore...
          </div>
        </div>
      </div>
    </div>
  </div>,
]
`;
