// Jest Snapshot v1, https://goo.gl/fbAQLP

exports[`Component: Conditions should match the snapshot 1`] = `
<div
  className="mt-5"
>
  <div
    className="row justify-content-center"
    data-test="row"
  />
</div>
`;
